2026-08-12 17:00:37.929784 | Withdrawal | Account=6 | Amount=35374.4 | SUCCESS
2026-08-12 17:00:37.945023 | Withdrawal | Account=3 | Amount=1780.27 | SUCCESS
2026-08-12 17:00:37.978004 | Withdrawal | Account=3 | Amount=40010.85 | SUCCESS
2026-08-12 17:00:38.044173 | Deposit | Account=3 | Amount=89134.04 | SUCCESS
2026-08-12 17:00:38.052910 | Deposit | Account=5 | Amount=9498.95 | SUCCESS
2026-08-12 17:00:38.068946 | Deposit | Account=8 | Amount=64678.34 | SUCCESS
2026-08-12 17:00:38.250815 | Withdrawal | Account=8 | Amount=23150.04 | SUCCESS
2026-08-12 17:00:38.284229 | Deposit | Account=7 | Amount=17648.74 | SUCCESS
2026-08-12 17:00:38.327534 | Deposit | Account=5 | Amount=80382.23 | SUCCESS
2026-08-12 17:00:38.344180 | Withdrawal | Account=4 | Amount=39990.32 | SUCCESS
2026-08-12 17:00:38.354686 | Deposit | Account=4 | Amount=18915.48 | SUCCESS
2026-08-12 17:00:38.369097 | Deposit | Account=8 | Amount=56188.8 | SUCCESS
2026-08-12 17:00:38.424913 | Withdrawal | Account=4 | Amount=31025.18 | FAILED
2026-08-12 17:00:38.508563 | Deposit | Account=7 | Amount=64360.46 | SUCCESS
2026-08-12 17:00:38.545599 | Withdrawal | Account=8 | Amount=28920.25 | SUCCESS
2026-08-12 17:00:38.570615 | Deposit | Account=8 | Amount=92603.46 | SUCCESS
2026-08-12 17:26:33.051093 | Deposit | Account=6 | Amount=80263.37 | SUCCESS
2026-08-12 17:39:04.207521 | Deposit | Account=5 | Amount=87123.31 | SUCCESS
2026-08-12 17:39:04.240722 | Transfer | Account=4 | Amount=60214.39 | FAILED
2026-08-12 17:39:04.240722 | Deposit | Account=3 | Amount=46465.58 | SUCCESS
2026-08-12 17:39:04.257408 | Transfer | Account=3 | Amount=12973.83 | FAILED
2026-08-12 17:39:04.275080 | Withdrawal | Account=4 | Amount=26252.55 | SUCCESS
2026-08-12 17:39:04.279767 | Withdrawal | Account=2 | Amount=45724.12 | SUCCESS
2026-08-12 17:39:04.291695 | Transfer | Account=8 | Amount=15775.49 | FAILED
2026-08-12 17:39:04.298711 | Deposit | Account=4 | Amount=86089.57 | SUCCESS
2026-08-12 17:39:04.306692 | Transfer | Account=2 | Amount=21126.89 | FAILED
2026-08-12 17:39:04.312055 | Transfer | Account=3 | Amount=8928.52 | FAILED
2026-08-12 17:39:04.322940 | Transfer | Account=3 | Amount=62348.1 | FAILED
2026-08-12 17:39:04.326932 | Withdrawal | Account=7 | Amount=12825.98 | SUCCESS
2026-08-12 17:39:04.332429 | Deposit | Account=6 | Amount=93579.03 | SUCCESS
2026-08-12 17:39:04.342672 | Transfer | Account=3 | Amount=50106.33 | FAILED
2026-08-12 17:39:04.350415 | Deposit | Account=8 | Amount=79676.89 | SUCCESS
2026-08-12 17:39:04.398929 | Withdrawal | Account=7 | Amount=35375.21 | SUCCESS
2026-08-12 17:39:04.421920 | Withdrawal | Account=6 | Amount=22151.88 | SUCCESS
2026-08-12 17:39:04.472001 | Deposit | Account=2 | Amount=47224.02 | SUCCESS
2026-08-12 17:39:04.543989 | Transfer | Account=2 | Amount=26978.6 | FAILED
2026-08-12 17:39:04.548838 | Transfer | Account=4 | Amount=68485.29 | FAILED
2026-08-12 17:41:51.492479 | Withdrawal | Account=7 | Amount=11827.23 | SUCCESS
2026-08-12 17:41:51.507160 | Deposit | Account=7 | Amount=68761.82 | SUCCESS
2026-08-12 17:41:51.511377 | Withdrawal | Account=5 | Amount=26486.75 | SUCCESS
2026-08-12 17:41:51.520031 | Withdrawal | Account=4 | Amount=45686.54 | SUCCESS
2026-08-12 17:41:51.523030 | Deposit | Account=5 | Amount=22452.5 | SUCCESS
2026-08-12 17:41:51.557145 | Transfer | Account=2 | Amount=56206.5 | FAILED
2026-08-12 17:41:51.557145 | Transfer | Account=4 | Amount=33333.07 | FAILED
2026-08-12 17:41:51.557145 | Deposit | Account=2 | Amount=98058.44 | SUCCESS
2026-08-12 17:41:51.572092 | Deposit | Account=8 | Amount=51873.79 | SUCCESS
2026-08-12 17:41:51.576595 | Transfer | Account=5 | Amount=52466.08 | FAILED
2026-08-12 17:41:51.583299 | Transfer | Account=8 | Amount=32047.57 | FAILED
2026-08-12 17:41:51.592656 | Transfer | Account=7 | Amount=29819.47 | FAILED
2026-08-12 17:41:51.596855 | Withdrawal | Account=5 | Amount=24710.24 | SUCCESS
2026-08-12 17:41:51.604443 | Transfer | Account=5 | Amount=62905.75 | FAILED
2026-08-12 17:41:51.608385 | Withdrawal | Account=5 | Amount=35741.41 | SUCCESS
2026-08-12 17:41:51.612386 | Deposit | Account=4 | Amount=42947.79 | SUCCESS
2026-08-12 17:41:51.617608 | Transfer | Account=7 | Amount=38969.62 | FAILED
2026-08-12 17:41:51.625004 | Deposit | Account=7 | Amount=11224.56 | SUCCESS
2026-08-12 17:41:51.629445 | Deposit | Account=4 | Amount=29101.21 | SUCCESS
2026-08-12 17:41:51.636668 | Withdrawal | Account=4 | Amount=38452.54 | SUCCESS
2026-08-12 17:44:34.366140 | Withdrawal | Account=3 | Amount=45404.54 | SUCCESS
2026-08-12 17:44:34.401468 | Deposit | Account=8 | Amount=31140.12 | SUCCESS
2026-08-12 17:44:34.401468 | Withdrawal | Account=5 | Amount=33628.42 | SUCCESS
2026-08-12 17:44:34.419375 | Deposit | Account=2 | Amount=27985.44 | SUCCESS
2026-08-12 17:44:34.425473 | Withdrawal | Account=7 | Amount=41719.64 | SUCCESS
2026-08-12 17:44:34.450570 | Transfer | Account=3 | Amount=29523.87 | FAILED
2026-08-12 17:44:34.456703 | Deposit | Account=7 | Amount=17925.4 | SUCCESS
2026-08-12 17:44:34.460882 | Withdrawal | Account=2 | Amount=26927.65 | SUCCESS
2026-08-12 17:44:34.468494 | Transfer | Account=8 | Amount=52808.26 | FAILED
2026-08-12 17:44:34.472456 | Deposit | Account=8 | Amount=89119.57 | SUCCESS
2026-08-12 17:44:34.478681 | Deposit | Account=3 | Amount=5654.71 | SUCCESS
2026-08-12 17:44:34.485329 | Withdrawal | Account=6 | Amount=12112.3 | SUCCESS
2026-08-12 17:44:34.494337 | Deposit | Account=8 | Amount=66106.75 | SUCCESS
2026-08-12 17:44:34.500550 | Deposit | Account=8 | Amount=12898.07 | SUCCESS
2026-08-12 17:44:34.507048 | Withdrawal | Account=3 | Amount=26465.86 | SUCCESS
2026-08-12 17:44:34.590131 | Transfer | Account=3 | Amount=57017.88 | FAILED
2026-08-12 17:44:34.597133 | Withdrawal | Account=6 | Amount=20158.37 | SUCCESS
2026-08-12 17:44:34.602866 | Transfer | Account=4 | Amount=54765.16 | FAILED
2026-08-12 17:44:34.653679 | Deposit | Account=7 | Amount=27764.44 | SUCCESS
2026-08-12 17:44:34.657983 | Withdrawal | Account=6 | Amount=10396.32 | SUCCESS
2026-08-12 17:46:51.580641 | Withdrawal | Account=8 | Amount=4290.6 | SUCCESS
2026-08-12 17:46:51.580641 | Withdrawal | Account=8 | Amount=3776.58 | SUCCESS
2026-08-12 17:46:51.976511 | Transfer | Account=4 | Amount=32301.89 | SUCCESS
2026-08-12 17:46:51.980397 | Withdrawal | Account=6 | Amount=247.17 | SUCCESS
2026-08-12 17:46:51.984512 | Withdrawal | Account=4 | Amount=26638.8 | FAILED
2026-08-12 17:46:51.990579 | Transfer | Account=5 | Amount=26500.47 | SUCCESS
2026-08-12 17:46:52.008991 | Deposit | Account=6 | Amount=17446.01 | SUCCESS
2026-08-12 17:46:52.017743 | Transfer | Account=7 | Amount=33320.27 | SUCCESS
2026-08-12 17:46:52.024087 | Deposit | Account=7 | Amount=37765.16 | SUCCESS
2026-08-12 17:46:52.031791 | Withdrawal | Account=7 | Amount=5977.65 | SUCCESS
2026-08-12 17:46:52.031791 | Deposit | Account=4 | Amount=59332.57 | SUCCESS
2026-08-12 17:46:52.045671 | Deposit | Account=3 | Amount=53482.94 | SUCCESS
2026-08-12 17:46:52.051687 | Withdrawal | Account=3 | Amount=30171.89 | SUCCESS
2026-08-12 17:46:52.051687 | Deposit | Account=5 | Amount=71409.63 | SUCCESS
2026-08-12 17:46:52.061106 | Deposit | Account=7 | Amount=34912.58 | SUCCESS
2026-08-12 17:46:52.065543 | Deposit | Account=3 | Amount=16792.12 | SUCCESS
2026-08-12 17:46:52.065543 | Transfer | Account=4 | Amount=59861.63 | SUCCESS
2026-08-12 17:46:52.065543 | Transfer | Account=4 | Amount=6780.38 | SUCCESS
2026-08-12 17:46:52.090922 | Transfer | Account=6 | Amount=65667.55 | SUCCESS
2026-08-12 17:46:52.099113 | Deposit | Account=6 | Amount=26380.65 | SUCCESS
2026-08-12 17:48:38.137093 | Transfer | Account=8 | Amount=67319.91 | SUCCESS
2026-08-12 17:48:38.156890 | Transfer | Account=8 | Amount=50331.65 | SUCCESS
2026-08-12 17:48:38.166862 | Transfer | Account=5 | Amount=44235.2 | SUCCESS
2026-08-12 17:48:38.181018 | Transfer | Account=5 | Amount=1263.57 | SUCCESS
2026-08-12 17:48:38.235700 | Deposit | Account=4 | Amount=53873.39 | SUCCESS
2026-08-12 17:48:38.320543 | Deposit | Account=4 | Amount=81621.03 | SUCCESS
2026-08-12 17:48:38.384437 | Withdrawal | Account=4 | Amount=49848.33 | SUCCESS
2026-08-12 17:48:38.407536 | Withdrawal | Account=5 | Amount=2620.32 | SUCCESS
2026-08-12 17:48:38.430747 | Withdrawal | Account=2 | Amount=39262.64 | SUCCESS
2026-08-12 17:48:38.481880 | Deposit | Account=3 | Amount=8942.52 | SUCCESS
2026-08-12 17:48:38.481880 | Deposit | Account=7 | Amount=24231.14 | SUCCESS
2026-08-12 17:48:38.995274 | Transfer | Account=6 | Amount=13452.71 | SUCCESS
2026-08-12 17:48:39.049458 | Deposit | Account=7 | Amount=18724.02 | SUCCESS
2026-08-12 17:48:39.067272 | Deposit | Account=7 | Amount=63098.02 | SUCCESS
2026-08-12 17:48:39.113925 | Transfer | Account=2 | Amount=977.51 | SUCCESS
2026-08-12 17:48:39.137432 | Withdrawal | Account=5 | Amount=45698.56 | SUCCESS
2026-08-12 17:48:39.137432 | Transfer | Account=4 | Amount=21383.55 | SUCCESS
2026-08-12 17:48:39.162049 | Deposit | Account=4 | Amount=36487.11 | SUCCESS
2026-08-12 17:48:39.164358 | Deposit | Account=6 | Amount=99279.94 | SUCCESS
2026-08-12 17:48:39.171440 | Withdrawal | Account=3 | Amount=38563.65 | SUCCESS
