2026-08-10 18:03:10,149 | INFO | Database Connected Successfully.
2026-08-11 11:47:42,942 | INFO | Database connected successfully.
2026-08-11 11:47:42,942 | INFO | Executing Stored Procedure : dbo.usp_CreateCustomer
2026-08-11 11:47:43,060 | INFO | Stored Procedure completed : dbo.usp_CreateCustomer
2026-08-11 11:47:43,060 | INFO | Database connection closed.
2026-08-11 11:56:49,203 | INFO | Database connected successfully.
2026-08-11 11:56:49,203 | INFO | Executing Stored Procedure : dbo.usp_CreateCustomer
2026-08-11 11:56:49,299 | INFO | Executing Stored Procedure : dbo.usp_CreateCustomer | Params : ('CUST20260811115648', 'Ira', 'Shukla', datetime.date(1973, 6, 19), 'F', 'ira.shukla@gmail.com', '9709257115', 'H.No. 41, Soman Road, Firozabad-147150', None, 'Mau', 'Madhya Pradesh', 'India', '893894')
2026-08-11 11:56:49,299 | INFO | Database connection closed.
2026-08-11 12:55:54,669 | INFO | Database connected successfully.
2026-08-11 12:55:54,670 | INFO | Database connection closed.
2026-08-11 12:58:16,882 | INFO | Database connected successfully.
2026-08-11 12:58:16,882 | INFO | Executing Stored Procedure : dbo.usp_CreateCustomer
2026-08-11 12:58:17,196 | INFO | Executing Stored Procedure : dbo.usp_CreateCustomer | Params : ('CUST20260811125816', 'Rushil', 'Savant', datetime.date(1985, 3, 15), 'M', 'rushil.savant@gmail.com', '6953957314', '608, Sengupta Circle\nChandrapur 112627', None, 'Shimoga', 'Madhya Pradesh', 'India', '096578')
2026-08-11 12:58:17,208 | INFO | Database connection closed.
2026-08-11 12:58:17,210 | INFO | Database connected successfully.
2026-08-11 12:58:17,210 | INFO | Executing Stored Procedure : dbo.usp_GetCustomerByCustomerNumber
2026-08-11 12:58:17,240 | INFO | Executing Stored Procedure : dbo.usp_GetCustomerByCustomerNumber | Params : ('CUST20260811125816',)
2026-08-11 12:58:17,240 | INFO | Database connection closed.
2026-08-11 14:24:26,403 | INFO | Database connected successfully.
2026-08-11 14:24:26,403 | INFO | Executing Stored Procedure : dbo.usp_CreateCustomer
2026-08-11 14:24:26,610 | INFO | Executing Stored Procedure : dbo.usp_CreateCustomer | Params : ('CUST20260811142425', 'Rushil', 'Balasubramanian', datetime.date(1978, 2, 2), 'M', 'rushil.balasubramanian@gmail.com', '9773800844', 'H.No. 96\nChowdhury Path\nNanded-050129', None, 'Gulbarga', 'Maharashtra', 'India', '922169')
2026-08-11 14:24:26,612 | INFO | Database connection closed.
2026-08-11 14:24:26,614 | INFO | Database connected successfully.
2026-08-11 14:24:26,614 | INFO | Executing Stored Procedure : dbo.usp_CreateAccount
2026-08-11 14:24:26,628 | ERROR | Stored Procedure failed : dbo.usp_CreateAccount
Traceback (most recent call last):
  File "C:\Users\RAJU\Documents\Enterprise-Banking-Data-Platform\simulator\utils\database.py", line 174, in execute_procedure
    self.cursor.execute(sql, params)
pyodbc.ProgrammingError: ('42000', '[42000] [Microsoft][ODBC Driver 17 for SQL Server][SQL Server]Error converting data type nvarchar to int. (8114) (SQLExecDirectW)')
2026-08-11 14:24:26,629 | INFO | Database connection closed.
2026-08-11 14:26:28,917 | INFO | Database connected successfully.
2026-08-11 14:26:28,917 | INFO | Executing Stored Procedure : dbo.usp_CreateCustomer
2026-08-11 14:26:28,941 | INFO | Executing Stored Procedure : dbo.usp_CreateCustomer | Params : ('CUST20260811142628', 'Chakradhar', 'Pandit', datetime.date(1962, 10, 8), 'M', 'chakradhar.pandit@gmail.com', '8143783540', 'H.No. 465, Sibal Nagar, Phusro 484717', None, 'Junagadh', 'Himachal Pradesh', 'India', '109362')
2026-08-11 14:26:28,951 | INFO | Database connection closed.
2026-08-11 14:26:28,953 | INFO | Database connected successfully.
2026-08-11 14:26:28,953 | INFO | Executing Stored Procedure : dbo.usp_CreateAccount
2026-08-11 14:26:28,957 | ERROR | Stored Procedure failed : dbo.usp_CreateAccount
Traceback (most recent call last):
  File "C:\Users\RAJU\Documents\Enterprise-Banking-Data-Platform\simulator\utils\database.py", line 174, in execute_procedure
    self.cursor.execute(sql, params)
pyodbc.ProgrammingError: ('42000', '[42000] [Microsoft][ODBC Driver 17 for SQL Server][SQL Server]Error converting data type nvarchar to int. (8114) (SQLExecDirectW)')
2026-08-11 14:26:28,957 | INFO | Database connection closed.
2026-08-11 14:29:34,435 | INFO | Database connected successfully.
2026-08-11 14:29:34,435 | INFO | Executing Stored Procedure : dbo.usp_CreateCustomer
2026-08-11 14:29:34,499 | INFO | Executing Stored Procedure : dbo.usp_CreateCustomer | Params : ('CUST20260811142933', 'Neel', 'Issac', datetime.date(1961, 7, 23), 'M', 'neel.issac@gmail.com', '9159890033', 'H.No. 117, Doctor Nagar, Bhubaneswar 379468', None, 'Kochi', 'Goa', 'India', '362865')
2026-08-11 14:29:34,503 | INFO | Database connection closed.
2026-08-11 14:29:34,507 | INFO | Database connected successfully.
2026-08-11 14:29:34,507 | INFO | Executing Stored Procedure : dbo.usp_CreateAccount
2026-08-11 14:29:34,998 | INFO | Executing Stored Procedure : dbo.usp_CreateAccount | Params : (8, 1, 'SB', 77602.19, 'INR')
2026-08-11 14:29:34,998 | INFO | Database connection closed.
2026-08-11 14:31:36,190 | INFO | Database connected successfully.
2026-08-11 14:31:36,202 | INFO | Executing Stored Procedure : dbo.usp_CreateCustomer
2026-08-11 14:31:36,266 | INFO | Executing Stored Procedure : dbo.usp_CreateCustomer | Params : ('CUST20260811143135', 'Simon', 'Sehgal', datetime.date(2005, 6, 26), 'M', 'simon.sehgal@gmail.com', '9260636351', 'H.No. 446\nSankar Circle\nJaunpur-554778', None, 'Maheshtala', 'Himachal Pradesh', 'India', '918347')
2026-08-11 14:31:36,266 | INFO | Database connection closed.
2026-08-11 14:31:36,266 | INFO | Database connected successfully.
2026-08-11 14:31:36,266 | INFO | Executing Stored Procedure : dbo.usp_CreateAccount
2026-08-11 14:31:36,291 | INFO | Executing Stored Procedure : dbo.usp_CreateAccount | Params : (9, 1, 'SB', 60884.26, 'INR')
2026-08-11 14:31:36,291 | INFO | Database connection closed.
2026-08-11 14:33:10,618 | INFO | Database connected successfully.
2026-08-11 14:33:10,618 | INFO | Executing Stored Procedure : dbo.usp_CreateCustomer
2026-08-11 14:33:10,634 | INFO | Executing Stored Procedure : dbo.usp_CreateCustomer | Params : ('CUST20260811143310', 'Vedhika', 'Bora', datetime.date(1978, 10, 8), 'F', 'vedhika.bora@gmail.com', '9308490555', '36, Ramesh Circle, Berhampur-534349', None, 'Kulti', 'Odisha', 'India', '594568')
2026-08-11 14:33:10,634 | INFO | Database connection closed.
2026-08-11 14:33:10,640 | INFO | Database connected successfully.
2026-08-11 14:33:10,640 | INFO | Executing Stored Procedure : dbo.usp_CreateAccount
2026-08-11 14:33:10,652 | INFO | Executing Stored Procedure : dbo.usp_CreateAccount | Params : (10, 1, 'SB', 185441.06, 'INR')
2026-08-11 14:33:10,652 | INFO | Database connection closed.
2026-08-11 14:34:03,245 | INFO | Database connected successfully.
2026-08-11 14:34:03,245 | INFO | Executing Stored Procedure : dbo.usp_CreateCustomer
2026-08-11 14:34:03,264 | INFO | Executing Stored Procedure : dbo.usp_CreateCustomer | Params : ('CUST20260811143403', 'Ronith', 'Dalal', datetime.date(1963, 12, 24), 'M', 'ronith.dalal@gmail.com', '6110786346', '06, Bajaj Zila\nBihar Sharif-450421', None, 'Tezpur', 'Haryana', 'India', '021633')
2026-08-11 14:34:03,264 | INFO | Database connection closed.
2026-08-11 14:34:03,267 | INFO | Database connected successfully.
2026-08-11 14:34:03,267 | INFO | Executing Stored Procedure : dbo.usp_CreateAccount
2026-08-11 14:34:03,274 | INFO | Executing Stored Procedure : dbo.usp_CreateAccount | Params : (11, 1, 'CA', 103692.33, 'INR')
2026-08-11 14:34:03,274 | INFO | Database connection closed.
2026-08-11 14:34:41,117 | INFO | Database connected successfully.
2026-08-11 14:34:41,117 | INFO | Executing Stored Procedure : dbo.usp_CreateCustomer
2026-08-11 14:34:41,150 | INFO | Executing Stored Procedure : dbo.usp_CreateCustomer | Params : ('CUST20260811143441', 'Yug', 'Chandra', datetime.date(1970, 9, 3), 'M', 'yug.chandra@gmail.com', '9388445167', '52/37, Prabhakar Road, Jaipur-287692', None, 'Uluberia', 'Gujarat', 'India', '981393')
2026-08-11 14:34:41,150 | INFO | Database connection closed.
2026-08-11 14:34:41,150 | INFO | Database connected successfully.
2026-08-11 14:34:41,150 | INFO | Executing Stored Procedure : dbo.usp_CreateAccount
2026-08-11 14:34:41,190 | INFO | Executing Stored Procedure : dbo.usp_CreateAccount | Params : (12, 1, 'CA', 142545.3, 'INR')
2026-08-11 14:34:41,190 | INFO | Database connection closed.
2026-08-11 14:34:41,191 | INFO | Database connected successfully.
2026-08-11 14:34:41,191 | INFO | Executing Stored Procedure : dbo.usp_GetAccountByAccountNumber
2026-08-11 14:34:41,242 | INFO | Executing Stored Procedure : dbo.usp_GetAccountByAccountNumber | Params : ('CA-HYD-2026-000011',)
2026-08-11 14:34:41,242 | INFO | Database connection closed.
2026-08-11 19:27:44,597 | INFO | Database connected successfully.
2026-08-11 19:27:44,598 | INFO | Executing Stored Procedure : dbo.usp_Deposit
2026-08-11 19:27:44,834 | ERROR | Stored Procedure failed : dbo.usp_Deposit
Traceback (most recent call last):
  File "C:\Users\RAJU\Documents\Enterprise-Banking-Data-Platform\simulator\utils\database.py", line 196, in execute_procedure
    if not self.cursor.nextset():
           ^^^^^^^^^^^^^^^^^^^^^
pyodbc.ProgrammingError: ('25000', '[25000] [Microsoft][ODBC Driver 17 for SQL Server][SQL Server]Transaction count after EXECUTE indicates a mismatching number of BEGIN and COMMIT statements. Previous count = 1, current count = 0. (266) (SQLMoreResults)')
2026-08-11 19:27:44,842 | INFO | Database connection closed.
2026-08-11 19:32:46,777 | INFO | Database connected successfully.
2026-08-11 19:32:46,777 | INFO | Executing Stored Procedure : dbo.usp_Deposit
2026-08-11 19:32:46,869 | ERROR | Stored Procedure failed : dbo.usp_Deposit
Traceback (most recent call last):
  File "C:\Users\RAJU\Documents\Enterprise-Banking-Data-Platform\simulator\utils\database.py", line 205, in execute_procedure
    if not self.cursor.nextset():
           ^^^^^^^^^^^^^^^^^^^^^
pyodbc.ProgrammingError: ('25000', '[25000] [Microsoft][ODBC Driver 17 for SQL Server][SQL Server]Transaction count after EXECUTE indicates a mismatching number of BEGIN and COMMIT statements. Previous count = 1, current count = 0. (266) (SQLMoreResults)')
2026-08-11 19:32:46,869 | INFO | Database connection closed.
2026-08-11 19:39:20,301 | INFO | Database connected successfully.
2026-08-11 19:39:20,302 | INFO | Executing Stored Procedure : dbo.usp_Deposit
2026-08-11 19:39:20,394 | INFO | Stored Procedure executed successfully.
2026-08-11 19:39:20,394 | INFO | Database connection closed.
2026-08-11 19:39:20,396 | INFO | Database connected successfully.
2026-08-11 19:39:20,396 | INFO | Executing Stored Procedure : dbo.usp_Withdraw
2026-08-11 19:39:20,406 | ERROR | Stored Procedure failed : dbo.usp_Withdraw
Traceback (most recent call last):
  File "C:\Users\RAJU\Documents\Enterprise-Banking-Data-Platform\simulator\utils\database.py", line 186, in execute_procedure
    self.cursor.execute(sql, params)
pyodbc.ProgrammingError: ('42000', '[42000] [Microsoft][ODBC Driver 17 for SQL Server][SQL Server]Error converting data type nvarchar to int. (8114) (SQLExecDirectW)')
2026-08-11 19:39:20,410 | INFO | Database connection closed.
2026-08-11 19:44:06,954 | INFO | Database connected successfully.
2026-08-11 19:44:06,954 | INFO | Executing Stored Procedure : dbo.usp_Deposit
2026-08-11 19:44:07,124 | INFO | Stored Procedure executed successfully.
2026-08-11 19:44:07,124 | INFO | Database connection closed.
2026-08-11 19:44:07,124 | INFO | Database connected successfully.
2026-08-11 19:44:07,124 | INFO | Executing Stored Procedure : dbo.usp_Withdraw
2026-08-11 19:44:07,135 | ERROR | Stored Procedure failed : dbo.usp_Withdraw
Traceback (most recent call last):
  File "C:\Users\RAJU\Documents\Enterprise-Banking-Data-Platform\simulator\utils\database.py", line 186, in execute_procedure
    self.cursor.execute(sql, params)
pyodbc.ProgrammingError: ('42000', '[42000] [Microsoft][ODBC Driver 17 for SQL Server][SQL Server]Error converting data type nvarchar to int. (8114) (SQLExecDirectW)')
2026-08-11 19:44:07,142 | INFO | Database connection closed.
2026-08-11 19:49:27,271 | INFO | Database connected successfully.
2026-08-11 19:49:27,271 | INFO | Executing Stored Procedure : dbo.usp_Deposit
2026-08-11 19:49:27,461 | INFO | Stored Procedure executed successfully.
2026-08-11 19:49:27,461 | INFO | Database connection closed.
2026-08-11 19:49:27,461 | INFO | Database connected successfully.
2026-08-11 19:49:27,461 | INFO | Executing Stored Procedure : dbo.usp_Withdraw
2026-08-11 19:49:28,311 | INFO | Stored Procedure executed successfully.
2026-08-11 19:49:28,311 | INFO | Database connection closed.
2026-08-11 19:49:28,313 | INFO | Database connected successfully.
2026-08-11 19:49:28,313 | INFO | Executing Stored Procedure : dbo.usp_TransferFunds
2026-08-11 19:49:28,330 | ERROR | Stored Procedure failed : dbo.usp_TransferFunds
Traceback (most recent call last):
  File "C:\Users\RAJU\Documents\Enterprise-Banking-Data-Platform\simulator\utils\database.py", line 186, in execute_procedure
    self.cursor.execute(sql, params)
pyodbc.ProgrammingError: ('42000', '[42000] [Microsoft][ODBC Driver 17 for SQL Server][SQL Server]Error converting data type nvarchar to int. (8114) (SQLExecDirectW)')
2026-08-11 19:49:28,341 | INFO | Database connection closed.
2026-08-11 20:00:14,370 | INFO | Database connected successfully.
2026-08-11 20:00:14,370 | INFO | Executing Stored Procedure : dbo.usp_Deposit
2026-08-11 20:00:14,560 | INFO | Stored Procedure executed successfully.
2026-08-11 20:00:14,560 | INFO | Database connection closed.
2026-08-11 20:00:14,563 | INFO | Database connected successfully.
2026-08-11 20:00:14,563 | INFO | Executing Stored Procedure : dbo.usp_Withdraw
2026-08-11 20:00:14,914 | INFO | Stored Procedure executed successfully.
2026-08-11 20:00:14,919 | INFO | Database connection closed.
2026-08-11 20:00:14,919 | INFO | Database connected successfully.
2026-08-11 20:00:14,919 | INFO | Executing Stored Procedure : dbo.usp_TransferFunds
2026-08-11 20:00:14,994 | INFO | Stored Procedure executed successfully.
2026-08-11 20:00:14,994 | INFO | Database connection closed.
2026-08-11 20:00:14,994 | INFO | Database connected successfully.
2026-08-11 20:00:14,994 | INFO | Executing Stored Procedure : dbo.usp_GetAccountStatement
2026-08-11 20:00:15,072 | INFO | Stored Procedure executed successfully.
2026-08-11 20:00:15,072 | INFO | Database connection closed.
2026-08-11 20:12:33,947 | INFO | Database connected successfully.
2026-08-11 20:12:33,947 | INFO | Banking Simulator connected.
2026-08-11 20:12:33,947 | INFO | Executing SQL Query.
2026-08-11 20:12:34,008 | INFO | Loaded 7 active accounts.
2026-08-11 20:12:34,008 | INFO | Database connection closed.
2026-08-11 20:12:34,010 | INFO | Banking Simulator disconnected.
2026-08-12 14:24:29,670 | INFO | Database connected successfully.
2026-08-12 14:24:29,671 | INFO | Banking Simulator connected.
2026-08-12 14:24:29,671 | INFO | Executing SQL Query.
2026-08-12 14:24:29,860 | INFO | Loaded 7 active accounts.
2026-08-12 14:24:29,882 | INFO | Database connected successfully.
2026-08-12 14:24:29,882 | INFO | Executing Stored Procedure : dbo.usp_Deposit
2026-08-12 14:24:32,113 | INFO | Stored Procedure executed successfully.
2026-08-12 14:24:32,114 | INFO | Database connection closed.
2026-08-12 14:24:32,116 | INFO | Database connection closed.
2026-08-12 14:24:32,116 | INFO | Banking Simulator disconnected.
2026-08-12 14:28:21,072 | INFO | Database connected successfully.
2026-08-12 14:28:21,072 | INFO | Banking Simulator connected.
2026-08-12 14:28:21,072 | INFO | Executing SQL Query.
2026-08-12 14:28:21,119 | INFO | Loaded 7 active accounts.
2026-08-12 14:28:21,139 | INFO | Database connected successfully.
2026-08-12 14:28:21,139 | INFO | Executing Stored Procedure : dbo.usp_Deposit
2026-08-12 14:28:21,324 | INFO | Stored Procedure executed successfully.
2026-08-12 14:28:21,324 | INFO | Database connection closed.
2026-08-12 14:29:06,510 | INFO | Database connected successfully.
2026-08-12 14:29:06,510 | INFO | Banking Simulator connected.
2026-08-12 14:29:06,511 | INFO | Executing SQL Query.
2026-08-12 14:29:06,537 | INFO | Loaded 7 active accounts.
2026-08-12 14:29:06,545 | INFO | Database connected successfully.
2026-08-12 14:29:06,545 | INFO | Executing Stored Procedure : dbo.usp_Deposit
2026-08-12 14:29:06,645 | INFO | Stored Procedure executed successfully.
2026-08-12 14:29:06,645 | INFO | Database connection closed.
2026-08-12 14:29:06,647 | INFO | Database connection closed.
2026-08-12 14:29:06,647 | INFO | Banking Simulator disconnected.
2026-08-12 14:31:30,330 | INFO | Database connected successfully.
2026-08-12 14:31:30,330 | INFO | Banking Simulator connected.
2026-08-12 14:31:30,331 | INFO | Executing SQL Query.
2026-08-12 14:31:30,452 | INFO | Loaded 7 active accounts.
2026-08-12 14:31:30,485 | INFO | Database connected successfully.
2026-08-12 14:31:30,485 | INFO | Executing Stored Procedure : dbo.usp_Deposit
2026-08-12 14:31:30,699 | INFO | Stored Procedure executed successfully.
2026-08-12 14:31:30,703 | INFO | Database connection closed.
2026-08-12 14:31:30,705 | INFO | Database connection closed.
2026-08-12 14:31:30,705 | INFO | Banking Simulator disconnected.
2026-08-12 14:33:33,260 | INFO | Database connected successfully.
2026-08-12 14:33:33,260 | INFO | Banking Simulator connected.
2026-08-12 14:33:33,260 | INFO | Executing SQL Query.
2026-08-12 14:33:33,336 | INFO | Loaded 7 active accounts.
2026-08-12 14:33:33,343 | INFO | Database connected successfully.
2026-08-12 14:33:33,343 | INFO | Executing Stored Procedure : dbo.usp_Deposit
2026-08-12 14:33:33,548 | INFO | Stored Procedure executed successfully.
2026-08-12 14:33:33,550 | INFO | Database connection closed.
2026-08-12 14:33:33,551 | INFO | Database connection closed.
2026-08-12 14:33:33,551 | INFO | Banking Simulator disconnected.
2026-08-12 14:39:23,689 | INFO | Database connected successfully.
2026-08-12 14:39:23,691 | INFO | Banking Simulator connected.
2026-08-12 14:39:23,691 | INFO | Executing SQL Query.
2026-08-12 14:39:23,925 | INFO | Loaded 7 active accounts.
2026-08-12 14:39:23,987 | INFO | Database connected successfully.
2026-08-12 14:39:23,987 | INFO | Executing Stored Procedure : dbo.usp_Withdraw
2026-08-12 14:39:35,079 | INFO | Stored Procedure executed successfully.
2026-08-12 14:39:35,083 | INFO | Database connection closed.
2026-08-12 14:39:35,084 | INFO | Database connected successfully.
2026-08-12 14:39:35,084 | INFO | Executing Stored Procedure : dbo.usp_Deposit
2026-08-12 14:39:35,183 | INFO | Stored Procedure executed successfully.
2026-08-12 14:39:35,183 | INFO | Database connection closed.
2026-08-12 14:45:53,938 | INFO | Database connected successfully.
2026-08-12 14:45:53,938 | INFO | Banking Simulator connected.
2026-08-12 14:45:53,938 | INFO | Executing SQL Query.
2026-08-12 14:45:54,017 | INFO | Loaded 7 active accounts.
2026-08-12 14:51:10,735 | INFO | Database connected successfully.
2026-08-12 14:51:10,735 | INFO | Banking Simulator connected.
2026-08-12 14:51:10,735 | INFO | Executing SQL Query.
2026-08-12 14:51:10,780 | INFO | Loaded 7 active accounts.
2026-08-12 14:51:10,780 | INFO | Database connected successfully.
2026-08-12 14:51:10,780 | INFO | Executing Stored Procedure : dbo.usp_Withdraw
2026-08-12 14:51:11,786 | INFO | Stored Procedure executed successfully.
2026-08-12 14:51:11,786 | INFO | Database connection closed.
2026-08-12 14:53:07,481 | INFO | Database connected successfully.
2026-08-12 14:53:07,481 | INFO | Banking Simulator connected.
2026-08-12 14:53:07,481 | INFO | Executing SQL Query.
2026-08-12 14:53:07,512 | INFO | Loaded 7 active accounts.
2026-08-12 14:56:49,836 | INFO | Database connected successfully.
2026-08-12 14:56:49,836 | INFO | Banking Simulator connected.
2026-08-12 14:56:49,836 | INFO | Executing SQL Query.
2026-08-12 14:56:49,869 | INFO | Loaded 7 active accounts.
2026-08-12 14:56:49,884 | INFO | Database connected successfully.
2026-08-12 14:56:49,884 | INFO | Executing Stored Procedure : dbo.usp_Withdraw
2026-08-12 14:56:50,008 | INFO | Stored Procedure executed successfully.
2026-08-12 14:56:50,008 | INFO | Database connection closed.
2026-08-12 14:56:50,008 | INFO | Database connected successfully.
2026-08-12 14:56:50,008 | INFO | Executing Stored Procedure : dbo.usp_Deposit
2026-08-12 14:56:50,054 | INFO | Stored Procedure executed successfully.
2026-08-12 14:56:50,054 | INFO | Database connection closed.
2026-08-12 15:00:14,851 | INFO | Database connected successfully.
2026-08-12 15:00:14,866 | INFO | Banking Simulator connected.
2026-08-12 15:00:14,866 | INFO | Executing SQL Query.
2026-08-12 15:00:14,895 | INFO | Loaded 7 active accounts.
2026-08-12 15:00:14,902 | INFO | Database connected successfully.
2026-08-12 15:00:14,902 | INFO | Executing Stored Procedure : dbo.usp_Deposit
2026-08-12 15:00:15,016 | INFO | Stored Procedure executed successfully.
2026-08-12 15:00:15,017 | INFO | Database connection closed.
2026-08-12 15:00:15,018 | INFO | Database connected successfully.
2026-08-12 15:00:15,018 | INFO | Executing Stored Procedure : dbo.usp_TransferFunds
2026-08-12 15:00:15,106 | INFO | Stored Procedure executed successfully.
2026-08-12 15:00:15,106 | INFO | Database connection closed.
2026-08-12 15:00:15,106 | INFO | Database connected successfully.
2026-08-12 15:00:15,106 | INFO | Executing Stored Procedure : dbo.usp_Deposit
2026-08-12 15:00:15,128 | INFO | Stored Procedure executed successfully.
2026-08-12 15:00:15,128 | INFO | Database connection closed.
2026-08-12 15:00:15,129 | INFO | Database connected successfully.
2026-08-12 15:00:15,129 | INFO | Executing Stored Procedure : dbo.usp_TransferFunds
2026-08-12 15:00:15,137 | INFO | Stored Procedure executed successfully.
2026-08-12 15:00:15,137 | INFO | Database connection closed.
2026-08-12 15:00:15,138 | INFO | Database connected successfully.
2026-08-12 15:00:15,138 | INFO | Executing Stored Procedure : dbo.usp_Withdraw
2026-08-12 15:00:15,156 | INFO | Stored Procedure executed successfully.
2026-08-12 15:00:15,156 | INFO | Database connection closed.
2026-08-12 15:00:15,157 | INFO | Database connected successfully.
2026-08-12 15:00:15,157 | INFO | Executing Stored Procedure : dbo.usp_Withdraw
2026-08-12 15:00:15,162 | ERROR | Stored Procedure failed : dbo.usp_Withdraw
Traceback (most recent call last):
  File "C:\Users\RAJU\Documents\Enterprise-Banking-Data-Platform\simulator\utils\database.py", line 208, in execute_procedure
    if not self.cursor.nextset():
           ^^^^^^^^^^^^^^^^^^^^^
pyodbc.ProgrammingError: ('25000', '[25000] [Microsoft][ODBC Driver 17 for SQL Server][SQL Server]Transaction count after EXECUTE indicates a mismatching number of BEGIN and COMMIT statements. Previous count = 0, current count = 1. (266) (SQLMoreResults)')
2026-08-12 15:00:15,275 | INFO | Database connection closed.
2026-08-12 16:10:36,760 | INFO | Database connected successfully.
2026-08-12 16:10:36,760 | INFO | Banking Simulator connected.
2026-08-12 16:10:36,760 | INFO | Executing SQL Query.
2026-08-12 16:10:37,014 | INFO | Loaded 7 active accounts.
2026-08-12 16:10:37,029 | INFO | Database connected successfully.
2026-08-12 16:10:37,029 | INFO | Executing Stored Procedure : dbo.usp_Withdraw
2026-08-12 16:10:37,418 | INFO | Stored Procedure executed successfully.
2026-08-12 16:10:37,424 | INFO | Database connection closed.
2026-08-12 16:10:37,427 | INFO | Database connected successfully.
2026-08-12 16:10:37,427 | INFO | Executing Stored Procedure : dbo.usp_Withdraw
2026-08-12 16:10:37,509 | INFO | Stored Procedure executed successfully.
2026-08-12 16:10:37,509 | INFO | Database connection closed.
2026-08-12 16:10:37,509 | INFO | Database connected successfully.
2026-08-12 16:10:37,513 | INFO | Executing Stored Procedure : dbo.usp_TransferFunds
2026-08-12 16:10:37,758 | INFO | Stored Procedure executed successfully.
2026-08-12 16:10:37,758 | INFO | Database connection closed.
2026-08-12 16:10:37,758 | INFO | Database connected successfully.
2026-08-12 16:10:37,761 | INFO | Executing Stored Procedure : dbo.usp_Withdraw
2026-08-12 16:10:37,879 | INFO | Stored Procedure executed successfully.
2026-08-12 16:10:37,879 | INFO | Database connection closed.
2026-08-12 16:10:37,879 | INFO | Database connected successfully.
2026-08-12 16:10:37,879 | INFO | Executing Stored Procedure : dbo.usp_Deposit
2026-08-12 16:10:37,974 | INFO | Stored Procedure executed successfully.
2026-08-12 16:10:37,974 | INFO | Database connection closed.
2026-08-12 16:10:37,974 | INFO | Database connected successfully.
2026-08-12 16:10:37,974 | INFO | Executing Stored Procedure : dbo.usp_Withdraw
2026-08-12 16:10:38,067 | INFO | Stored Procedure executed successfully.
2026-08-12 16:10:38,067 | INFO | Database connection closed.
2026-08-12 16:10:38,070 | INFO | Database connected successfully.
2026-08-12 16:10:38,070 | INFO | Executing Stored Procedure : dbo.usp_Withdraw
2026-08-12 16:10:38,073 | INFO | Stored Procedure executed successfully.
2026-08-12 16:10:38,073 | INFO | Database connection closed.
2026-08-12 16:10:38,073 | INFO | Database connected successfully.
2026-08-12 16:10:38,073 | INFO | Executing Stored Procedure : dbo.usp_Withdraw
2026-08-12 16:10:38,078 | INFO | Stored Procedure executed successfully.
2026-08-12 16:10:38,083 | INFO | Database connection closed.
2026-08-12 16:10:38,083 | INFO | Database connected successfully.
2026-08-12 16:10:38,083 | INFO | Executing Stored Procedure : dbo.usp_Withdraw
2026-08-12 16:10:38,087 | INFO | Stored Procedure executed successfully.
2026-08-12 16:10:38,087 | INFO | Database connection closed.
2026-08-12 16:10:38,087 | INFO | Database connected successfully.
2026-08-12 16:10:38,087 | INFO | Executing Stored Procedure : dbo.usp_TransferFunds
2026-08-12 16:10:38,260 | INFO | Stored Procedure executed successfully.
2026-08-12 16:10:38,260 | INFO | Database connection closed.
2026-08-12 16:10:38,263 | INFO | Database connected successfully.
2026-08-12 16:10:38,263 | INFO | Executing Stored Procedure : dbo.usp_TransferFunds
2026-08-12 16:10:38,267 | INFO | Stored Procedure executed successfully.
2026-08-12 16:10:38,267 | INFO | Database connection closed.
2026-08-12 16:10:38,275 | INFO | Database connected successfully.
2026-08-12 16:10:38,276 | INFO | Executing Stored Procedure : dbo.usp_TransferFunds
2026-08-12 16:10:38,284 | INFO | Stored Procedure executed successfully.
2026-08-12 16:10:38,284 | INFO | Database connection closed.
2026-08-12 16:10:38,284 | INFO | Database connected successfully.
2026-08-12 16:10:38,284 | INFO | Executing Stored Procedure : dbo.usp_Deposit
2026-08-12 16:10:38,373 | INFO | Stored Procedure executed successfully.
2026-08-12 16:10:38,373 | INFO | Database connection closed.
2026-08-12 16:10:38,377 | INFO | Database connected successfully.
2026-08-12 16:10:38,377 | INFO | Executing Stored Procedure : dbo.usp_TransferFunds
2026-08-12 16:10:38,389 | INFO | Stored Procedure executed successfully.
2026-08-12 16:10:38,389 | INFO | Database connection closed.
2026-08-12 16:10:38,391 | INFO | Database connected successfully.
2026-08-12 16:10:38,392 | INFO | Executing Stored Procedure : dbo.usp_Deposit
2026-08-12 16:10:38,403 | INFO | Stored Procedure executed successfully.
2026-08-12 16:10:38,403 | INFO | Database connection closed.
2026-08-12 16:10:38,405 | INFO | Database connected successfully.
2026-08-12 16:10:38,405 | INFO | Executing Stored Procedure : dbo.usp_Withdraw
2026-08-12 16:10:38,458 | INFO | Stored Procedure executed successfully.
2026-08-12 16:10:38,458 | INFO | Database connection closed.
2026-08-12 16:10:38,458 | INFO | Database connected successfully.
2026-08-12 16:10:38,458 | INFO | Executing Stored Procedure : dbo.usp_Deposit
2026-08-12 16:10:38,557 | INFO | Stored Procedure executed successfully.
2026-08-12 16:10:38,557 | INFO | Database connection closed.
2026-08-12 16:10:38,559 | INFO | Database connected successfully.
2026-08-12 16:10:38,559 | INFO | Executing Stored Procedure : dbo.usp_TransferFunds
2026-08-12 16:10:38,629 | INFO | Stored Procedure executed successfully.
2026-08-12 16:10:38,629 | INFO | Database connection closed.
2026-08-12 16:10:38,630 | INFO | Database connected successfully.
2026-08-12 16:10:38,630 | INFO | Executing Stored Procedure : dbo.usp_Deposit
2026-08-12 16:10:38,639 | INFO | Stored Procedure executed successfully.
2026-08-12 16:10:38,639 | INFO | Database connection closed.
2026-08-12 16:10:38,641 | INFO | Database connected successfully.
2026-08-12 16:10:38,641 | INFO | Executing Stored Procedure : dbo.usp_TransferFunds
2026-08-12 16:10:38,651 | INFO | Stored Procedure executed successfully.
2026-08-12 16:10:38,652 | INFO | Database connection closed.
2026-08-12 16:10:38,653 | INFO | Database connection closed.
2026-08-12 16:10:38,653 | INFO | Banking Simulator disconnected.
2026-08-12 16:10:38,653 | INFO | Database connected successfully.
2026-08-12 16:10:38,653 | INFO | Banking Simulator connected.
2026-08-12 16:10:38,653 | INFO | Executing SQL Query.
2026-08-12 16:10:38,663 | INFO | Loaded 7 active accounts.
2026-08-12 16:10:38,667 | INFO | Database connected successfully.
2026-08-12 16:10:38,667 | INFO | Executing Stored Procedure : dbo.usp_Deposit
2026-08-12 16:10:38,755 | INFO | Stored Procedure executed successfully.
2026-08-12 16:10:38,757 | INFO | Database connection closed.
2026-08-12 16:10:38,757 | INFO | Database connection closed.
2026-08-12 16:10:38,759 | INFO | Banking Simulator disconnected.
